label-weighted quantiles q10/q50/q90
  W: [np.float64(1088.0), np.float64(2048.0), np.float64(2800.0)]  H: [np.float64(964.0), np.float64(1548.0), np.float64(2188.0)]  W/H: [np.float64(0.79), np.float64(1.15), np.float64(2.0)]
  current 180x90 cell width  W/180 tiles: [np.float64(6.0), np.float64(11.4), np.float64(15.6)]
  current 180x90 cell height H/90  tiles: [np.float64(10.7), np.float64(17.2), np.float64(24.3)]
  current cell area tiles^2: [69, 193, 329]
  grid unit (1440x720) = W/1440 x H/720 tiles: [np.float64(0.76), np.float64(1.42), np.float64(1.94)] [np.float64(1.34), np.float64(2.15), np.float64(3.04)]
  square canvas 128x128 (16384 cells), isotropic cell = ceil(max(W,H)/128) tiles: q10/50/90 [np.float64(9.0), np.float64(17.0), np.float64(22.0)]; used-cell share of canvas q50 0.77
  square canvas 144x144 (20736 cells), isotropic cell = ceil(max(W,H)/144) tiles: q10/50/90 [np.float64(8.0), np.float64(15.0), np.float64(20.0)]; used-cell share of canvas q50 0.78
  square canvas 160x160 (25600 cells), isotropic cell = ceil(max(W,H)/160) tiles: q10/50/90 [np.float64(8.0), np.float64(14.0), np.float64(18.0)]; used-cell share of canvas q50 0.68
  square canvas 180x180 (32400 cells), isotropic cell = ceil(max(W,H)/180) tiles: q10/50/90 [np.float64(7.0), np.float64(12.0), np.float64(16.0)]; used-cell share of canvas q50 0.70
  aspect-fit isotropic grid with ~16200 cells: cell side tiles q10/50/90 [np.float64(8.3), np.float64(13.9), np.float64(18.1)]

per game: map, size, W, H, spatial intents
   ('United States', 'Normal', 2800, 1548, 2488)
   ('United States', 'Normal', 2800, 1548, 2476)
   ('France', 'Normal', 2424, 2424, 2441)
   ('Pluto', 'Normal', 2100, 1300, 2097)
   ('Two Lakes', 'Normal', 2100, 1840, 2082)
   ('World Inverted', 'Normal', 2500, 1248, 2045)
   ('Taiwan Strait', 'Normal', 1600, 1600, 2009)
   ('Balkans', 'Normal', 2048, 2048, 2008)
   ('Great Lakes', 'Normal', 2000, 1300, 1947)
   ('Aegean', 'Normal', 1700, 2000, 1802)
   ('Branching Paths', 'Normal', 2480, 2148, 1648)
   ('Labyrinth', 'Normal', 1360, 1360, 1642)
extreme aspect: [('Passage', 'Normal', 6000, 400, 884), ('Korea', 'Normal', 1088, 2188, 692), ('Korea', 'Normal', 1088, 2188, 582), ('Korea', 'Normal', 1088, 2188, 1153), ('Korea', 'Normal', 1088, 2188, 636), ('Titan', 'Compact', 616, 1080, 565)]
